This is pdfTeX, Version 3.14159265-2.6-1.40.19 (TeX Live 2019/dev/Debian) (preloaded format=latex 2021.1.12)  21 OCT 2021 11:39
entering extended mode
 restricted \write18 enabled.
 %&-line parsing enabled.
**motivering-senior-forskare-dario
(/usr/share/texlive/texmf-dist/tex/latex/tools/x.tex
LaTeX2e <2018-12-01>

! .
l.38   \batchmode \errmessage{}
                               \csname @@end\endcsname \end
This error message was generated by an \errmessage
command, so I can't give any explicit help.
Pretend that you're Hercule Poirot: Examine all clues,
and deduce the truth by order and method.

 ) 
Here is how much of TeX's memory you used:
 7 strings out of 494486
 286 string characters out of 6175818
 52239 words of memory out of 5000000
 3776 multiletter control sequences out of 15000+600000
 3640 words of font info for 14 fonts, out of 8000000 for 9000
 59 hyphenation exceptions out of 8191
 5i,0n,1p,112b,8s stack positions out of 5000i,500n,10000p,200000b,80000s

No pages of output.
